2024-05-09 00:30:49 UTC
macOS-10.16-x86_64-i386-64bit
Ren'Py 8.2.1.24030407

Early init took 0.05s
Loading error handling took 0.04s
Loading script took 0.13s
Loading save slot metadata took 0.03s
Loading persistent took 0.00s
Running init code took 0.04s
Loading analysis data took 0.02s
Analyze and compile ATL took 0.00s
Reloading save slot metadata took 0.01s
Index archives took 0.00s
Backing up script files to '/Users/ethan/Library/RenPy/backups/Displayable':
Dump and make backups took 0.05s
Cleaning cache took 0.00s
Making clean stores took 0.00s
Initial gc took 0.04s
DPI scale factor: 1.000000
Creating interface object took 0.00s
Cleaning stores took 0.00s
Init translation took 0.04s
Build styles took 0.00s
Load screen analysis took 0.00s
Analyze screens took 0.02s
Save screen analysis took 0.02s
Prepare screens took 0.09s
Save pyanalysis. took 0.02s
Save bytecode. took 0.03s
Running _start took 0.00s
Interface start took 0.39s

Initializing gl2 renderer:
primary display bounds: (0, 0, 1440, 900)
swap interval: 1 frames
Windowed mode.
Vendor: "b'Intel Inc.'"
Renderer: b'Intel(R) Iris(TM) Plus Graphics OpenGL Engine'
Version: b'2.1 INTEL-22.1.29'
Display Info: None
Screen sizes: virtual=(1280, 720) physical=(1280, 720) drawable=(2560, 1440)
Could not open 'cache/shaders.txt':
Maximum texture size: 4096x4096

Full traceback:
  File "game/script.rpy", line 85, in script
    "Can you find the logo?"
  File "/Applications/renpy-8.2.1-sdk/renpy/ast.py", line 2557, in execute
    Say.execute(self)
  File "/Applications/renpy-8.2.1-sdk/renpy/ast.py", line 585, in execute
    statement_name("say")
  File "/Applications/renpy-8.2.1-sdk/renpy/ast.py", line 52, in statement_name
    i(name)
  File "renpy/common/000window.rpy", line 122, in _window_auto_callback
    _window_show(auto=True)
  File "renpy/common/000window.rpy", line 70, in _window_show
    renpy.with_statement(trans)
  File "/Applications/renpy-8.2.1-sdk/renpy/exports.py", line 1781, in with_statement
    return renpy.game.interface.do_with(trans, paired, clear=clear)
  File "/Applications/renpy-8.2.1-sdk/renpy/display/core.py", line 1548, in do_with
    return self.interact(trans_pause=True,
  File "/Applications/renpy-8.2.1-sdk/renpy/display/core.py", line 2165, in interact
    repeat, rv = self.interact_core(preloads=preloads, trans_pause=trans_pause, pause=pause, pause_start=pause_start, pause_modal=pause_modal, **kwargs) # type: ignore
  File "/Applications/renpy-8.2.1-sdk/renpy/display/core.py", line 2818, in interact_core
    self.draw_screen(root_widget, fullscreen_video, (not fullscreen_video) or video_frame_drawn)
  File "/Applications/renpy-8.2.1-sdk/renpy/display/core.py", line 1352, in draw_screen
    surftree = renpy.display.render.render_screen(
  File "render.pyx", line 486, in renpy.display.render.render_screen
  File "render.pyx", line 260, in renpy.display.render.render
  File "/Applications/renpy-8.2.1-sdk/renpy/display/layout.py", line 900, in render
    surf = render(child, width, height, cst, cat)
  File "render.pyx", line 170, in renpy.display.render.render
  File "render.pyx", line 260, in renpy.display.render.render
  File "/Applications/renpy-8.2.1-sdk/renpy/display/transition.py", line 383, in render
    bottom = render(self.old_widget, width, height, st, at)
  File "render.pyx", line 170, in renpy.display.render.render
  File "render.pyx", line 260, in renpy.display.render.render
  File "/Applications/renpy-8.2.1-sdk/renpy/display/layout.py", line 900, in render
    surf = render(child, width, height, cst, cat)
  File "render.pyx", line 170, in renpy.display.render.render
  File "render.pyx", line 260, in renpy.display.render.render
  File "/Applications/renpy-8.2.1-sdk/renpy/display/layout.py", line 900, in render
    surf = render(child, width, height, cst, cat)
  File "render.pyx", line 170, in renpy.display.render.render
  File "render.pyx", line 260, in renpy.display.render.render
  File "/Applications/renpy-8.2.1-sdk/renpy/display/screen.py", line 754, in render
    child = renpy.display.render.render(self.child, w, h, st, at)
  File "render.pyx", line 170, in renpy.display.render.render
  File "render.pyx", line 260, in renpy.display.render.render
  File "/Applications/renpy-8.2.1-sdk/renpy/display/layout.py", line 900, in render
    surf = render(child, width, height, cst, cat)
  File "render.pyx", line 170, in renpy.display.render.render
  File "render.pyx", line 260, in renpy.display.render.render
  File "/Applications/renpy-8.2.1-sdk/renpy/display/transform.py", line 957, in render
    return RenderTransform(self).render(width, height, st, at)
  File "accelerator.pyx", line 978, in renpy.display.accelerator.RenderTransform.render
  File "accelerator.pyx", line 413, in renpy.display.accelerator.RenderTransform.render_child
  File "render.pyx", line 260, in renpy.display.render.render
  File "game/script.rpy", line 37, in render
    child_render = renpy.render(t, width, height, st, at)
  File "render.pyx", line 170, in renpy.display.render.render
  File "render.pyx", line 260, in renpy.display.render.render
  File "/Applications/renpy-8.2.1-sdk/renpy/display/transform.py", line 957, in render
    return RenderTransform(self).render(width, height, st, at)
  File "accelerator.pyx", line 978, in renpy.display.accelerator.RenderTransform.render
  File "accelerator.pyx", line 413, in renpy.display.accelerator.RenderTransform.render_child
  File "render.pyx", line 260, in renpy.display.render.render
  File "/Applications/renpy-8.2.1-sdk/renpy/display/im.py", line 626, in render
    return cache.get(self, render=True)
  File "/Applications/renpy-8.2.1-sdk/renpy/display/im.py", line 309, in get
    surf = image.load()
  File "/Applications/renpy-8.2.1-sdk/renpy/display/im.py", line 761, in load
    raise e
  File "/Applications/renpy-8.2.1-sdk/renpy/display/im.py", line 711, in load
    filelike = renpy.loader.load(self.filename, directory="images")
  File "/Applications/renpy-8.2.1-sdk/renpy/loader.py", line 672, in load
    raise IOError("Couldn't find file '%s'." % name)
OSError: Couldn't find file 'logo.png'.

While loading <renpy.display.im.Image object ('logo.png') at 0x10bbfb040>:
  File "game/script.rpy", line 85, in script
    "Can you find the logo?"
  File "renpy/common/000window.rpy", line 122, in _window_auto_callback
    _window_show(auto=True)
  File "renpy/common/000window.rpy", line 70, in _window_show
    renpy.with_statement(trans)
  File "game/script.rpy", line 37, in render
    child_render = renpy.render(t, width, height, st, at)
OSError: Couldn't find file 'logo.png'.
While handling exception:
Traceback (most recent call last):
  File "/Applications/renpy-8.2.1-sdk/renpy/execution.py", line 596, in run
    node.execute()
  File "/Applications/renpy-8.2.1-sdk/renpy/ast.py", line 2557, in execute
    Say.execute(self)
  File "/Applications/renpy-8.2.1-sdk/renpy/ast.py", line 585, in execute
    statement_name("say")
  File "/Applications/renpy-8.2.1-sdk/renpy/ast.py", line 52, in statement_name
    i(name)
  File "renpy/common/000window.rpy", line 122, in _window_auto_callback
    _window_show(auto=True)
  File "renpy/common/000window.rpy", line 70, in _window_show
    renpy.with_statement(trans)
  File "/Applications/renpy-8.2.1-sdk/renpy/exports.py", line 1781, in with_statement
    return renpy.game.interface.do_with(trans, paired, clear=clear)
  File "/Applications/renpy-8.2.1-sdk/renpy/display/core.py", line 1548, in do_with
    return self.interact(trans_pause=True,
  File "/Applications/renpy-8.2.1-sdk/renpy/display/core.py", line 2165, in interact
    repeat, rv = self.interact_core(preloads=preloads, trans_pause=trans_pause, pause=pause, pause_start=pause_start, pause_modal=pause_modal, **kwargs) # type: ignore
  File "/Applications/renpy-8.2.1-sdk/renpy/display/core.py", line 2818, in interact_core
    self.draw_screen(root_widget, fullscreen_video, (not fullscreen_video) or video_frame_drawn)
  File "/Applications/renpy-8.2.1-sdk/renpy/display/core.py", line 1352, in draw_screen
    surftree = renpy.display.render.render_screen(
  File "render.pyx", line 486, in renpy.display.render.render_screen
  File "render.pyx", line 260, in renpy.display.render.render
  File "/Applications/renpy-8.2.1-sdk/renpy/display/layout.py", line 900, in render
    surf = render(child, width, height, cst, cat)
  File "render.pyx", line 170, in renpy.display.render.render
  File "render.pyx", line 260, in renpy.display.render.render
  File "/Applications/renpy-8.2.1-sdk/renpy/display/transition.py", line 383, in render
    bottom = render(self.old_widget, width, height, st, at)
  File "render.pyx", line 170, in renpy.display.render.render
  File "render.pyx", line 260, in renpy.display.render.render
  File "/Applications/renpy-8.2.1-sdk/renpy/display/layout.py", line 900, in render
    surf = render(child, width, height, cst, cat)
  File "render.pyx", line 170, in renpy.display.render.render
  File "render.pyx", line 260, in renpy.display.render.render
  File "/Applications/renpy-8.2.1-sdk/renpy/display/layout.py", line 900, in render
    surf = render(child, width, height, cst, cat)
  File "render.pyx", line 170, in renpy.display.render.render
  File "render.pyx", line 260, in renpy.display.render.render
  File "/Applications/renpy-8.2.1-sdk/renpy/display/screen.py", line 754, in render
    child = renpy.display.render.render(self.child, w, h, st, at)
  File "render.pyx", line 170, in renpy.display.render.render
  File "render.pyx", line 260, in renpy.display.render.render
  File "/Applications/renpy-8.2.1-sdk/renpy/display/layout.py", line 900, in render
    surf = render(child, width, height, cst, cat)
  File "render.pyx", line 170, in renpy.display.render.render
  File "render.pyx", line 260, in renpy.display.render.render
  File "/Applications/renpy-8.2.1-sdk/renpy/display/transform.py", line 957, in render
    return RenderTransform(self).render(width, height, st, at)
  File "accelerator.pyx", line 978, in renpy.display.accelerator.RenderTransform.render
  File "accelerator.pyx", line 413, in renpy.display.accelerator.RenderTransform.render_child
  File "render.pyx", line 260, in renpy.display.render.render
  File "game/script.rpy", line 37, in render
    child_render = renpy.render(t, width, height, st, at)
  File "render.pyx", line 170, in renpy.display.render.render
  File "render.pyx", line 260, in renpy.display.render.render
  File "/Applications/renpy-8.2.1-sdk/renpy/display/transform.py", line 957, in render
    return RenderTransform(self).render(width, height, st, at)
  File "accelerator.pyx", line 978, in renpy.display.accelerator.RenderTransform.render
  File "accelerator.pyx", line 413, in renpy.display.accelerator.RenderTransform.render_child
  File "render.pyx", line 260, in renpy.display.render.render
  File "/Applications/renpy-8.2.1-sdk/renpy/display/im.py", line 626, in render
    return cache.get(self, render=True)
  File "/Applications/renpy-8.2.1-sdk/renpy/display/im.py", line 309, in get
    surf = image.load()
  File "/Applications/renpy-8.2.1-sdk/renpy/display/im.py", line 761, in load
    raise e
  File "/Applications/renpy-8.2.1-sdk/renpy/display/im.py", line 711, in load
    filelike = renpy.loader.load(self.filename, directory="images")
  File "/Applications/renpy-8.2.1-sdk/renpy/loader.py", line 672, in load
    raise IOError("Couldn't find file '%s'." % name)
OSError: Couldn't find file 'logo.png'.

During handling of the above exception, another exception occurred:

Traceback (most recent call last):
  File "/Applications/renpy-8.2.1-sdk/renpy/display/error.py", line 140, in report_exception
    renpy.game.invoke_in_new_context(
  File "/Applications/renpy-8.2.1-sdk/renpy/game.py", line 293, in invoke_in_new_context
    return callable(*args, **kwargs)
  File "/Applications/renpy-8.2.1-sdk/renpy/display/error.py", line 48, in call_exception_screen
    return renpy.ui.interact(mouse="screen", type="screen", suppress_overlay=True, suppress_underlay=True)
  File "/Applications/renpy-8.2.1-sdk/renpy/ui.py", line 301, in interact
    rv = renpy.game.interface.interact(roll_forward=roll_forward, **kwargs)
  File "/Applications/renpy-8.2.1-sdk/renpy/display/core.py", line 2165, in interact
    repeat, rv = self.interact_core(preloads=preloads, trans_pause=trans_pause, pause=pause, pause_start=pause_start, pause_modal=pause_modal, **kwargs) # type: ignore
  File "/Applications/renpy-8.2.1-sdk/renpy/display/core.py", line 3201, in interact_core
    rv = root_widget.event(ev, x, y, 0)
  File "/Applications/renpy-8.2.1-sdk/renpy/display/layout.py", line 1202, in event
    rv = i.event(ev, x - xo, y - yo, cst)
  File "/Applications/renpy-8.2.1-sdk/renpy/display/layout.py", line 1202, in event
    rv = i.event(ev, x - xo, y - yo, cst)
  File "/Applications/renpy-8.2.1-sdk/renpy/display/layout.py", line 1202, in event
    rv = i.event(ev, x - xo, y - yo, cst)
  File "/Applications/renpy-8.2.1-sdk/renpy/display/screen.py", line 793, in event
    rv = self.child.event(ev, x, y, st)
  File "/Applications/renpy-8.2.1-sdk/renpy/display/layout.py", line 1202, in event
    rv = i.event(ev, x - xo, y - yo, cst)
  File "/Applications/renpy-8.2.1-sdk/renpy/display/layout.py", line 1426, in event
    rv = super(Window, self).event(ev, x, y, st)
  File "/Applications/renpy-8.2.1-sdk/renpy/display/layout.py", line 288, in event
    rv = d.event(ev, x - xo, y - yo, st)
  File "/Applications/renpy-8.2.1-sdk/renpy/display/layout.py", line 288, in event
    rv = d.event(ev, x - xo, y - yo, st)
  File "/Applications/renpy-8.2.1-sdk/renpy/display/layout.py", line 1202, in event
    rv = i.event(ev, x - xo, y - yo, cst)
  File "/Applications/renpy-8.2.1-sdk/renpy/display/layout.py", line 1202, in event
    rv = i.event(ev, x - xo, y - yo, cst)
  File "/Applications/renpy-8.2.1-sdk/renpy/display/layout.py", line 1202, in event
    rv = i.event(ev, x - xo, y - yo, cst)
  File "/Applications/renpy-8.2.1-sdk/renpy/display/behavior.py", line 1174, in event
    return handle_click(self.clicked)
  File "/Applications/renpy-8.2.1-sdk/renpy/display/behavior.py", line 1095, in handle_click
    rv = run(action)
  File "/Applications/renpy-8.2.1-sdk/renpy/display/behavior.py", line 395, in run
    return action(*args, **kwargs)
  File "/Applications/renpy-8.2.1-sdk/renpy/display/error.py", line 55, in rollback_action
    renpy.exports.rollback(force=True)
  File "/Applications/renpy-8.2.1-sdk/renpy/exports.py", line 1840, in rollback
    renpy.game.log.rollback(checkpoints, greedy=greedy, label=label, force=(force is True), abnormal=abnormal, current_label=current_label)
  File "/Applications/renpy-8.2.1-sdk/renpy/rollback.py", line 925, in rollback
    self.load_failed()
  File "/Applications/renpy-8.2.1-sdk/renpy/rollback.py", line 843, in load_failed
    raise Exception("Couldn't find a place to stop rolling back. Perhaps the script changed in an incompatible way?")
Exception: Couldn't find a place to stop rolling back. Perhaps the script changed in an incompatible way?

Full traceback:
  File "/Applications/renpy-8.2.1-sdk/renpy/bootstrap.py", line 359, in bootstrap
    renpy.main.main()
  File "/Applications/renpy-8.2.1-sdk/renpy/main.py", line 635, in main
    run(restart)
  File "/Applications/renpy-8.2.1-sdk/renpy/main.py", line 145, in run
    renpy.execution.run_context(True)
  File "/Applications/renpy-8.2.1-sdk/renpy/execution.py", line 955, in run_context
    context.run()
  File "game/script.rpy", line 85, in script
    "Can you find the logo?"
  File "lib/python3.9/future/utils/__init__.py", line 444, in raise_
  File "game/script.rpy", line 85, in script
    "Can you find the logo?"
  File "/Applications/renpy-8.2.1-sdk/renpy/ast.py", line 2557, in execute
    Say.execute(self)
  File "/Applications/renpy-8.2.1-sdk/renpy/ast.py", line 585, in execute
    statement_name("say")
  File "/Applications/renpy-8.2.1-sdk/renpy/ast.py", line 52, in statement_name
    i(name)
  File "renpy/common/000window.rpy", line 122, in _window_auto_callback
    _window_show(auto=True)
  File "renpy/common/000window.rpy", line 70, in _window_show
    renpy.with_statement(trans)
  File "/Applications/renpy-8.2.1-sdk/renpy/exports.py", line 1781, in with_statement
    return renpy.game.interface.do_with(trans, paired, clear=clear)
  File "/Applications/renpy-8.2.1-sdk/renpy/display/core.py", line 1548, in do_with
    return self.interact(trans_pause=True,
  File "/Applications/renpy-8.2.1-sdk/renpy/display/core.py", line 2165, in interact
    repeat, rv = self.interact_core(preloads=preloads, trans_pause=trans_pause, pause=pause, pause_start=pause_start, pause_modal=pause_modal, **kwargs) # type: ignore
  File "/Applications/renpy-8.2.1-sdk/renpy/display/core.py", line 2818, in interact_core
    self.draw_screen(root_widget, fullscreen_video, (not fullscreen_video) or video_frame_drawn)
  File "/Applications/renpy-8.2.1-sdk/renpy/display/core.py", line 1352, in draw_screen
    surftree = renpy.display.render.render_screen(
  File "render.pyx", line 486, in renpy.display.render.render_screen
  File "render.pyx", line 260, in renpy.display.render.render
  File "/Applications/renpy-8.2.1-sdk/renpy/display/layout.py", line 900, in render
    surf = render(child, width, height, cst, cat)
  File "render.pyx", line 170, in renpy.display.render.render
  File "render.pyx", line 260, in renpy.display.render.render
  File "/Applications/renpy-8.2.1-sdk/renpy/display/transition.py", line 383, in render
    bottom = render(self.old_widget, width, height, st, at)
  File "render.pyx", line 170, in renpy.display.render.render
  File "render.pyx", line 260, in renpy.display.render.render
  File "/Applications/renpy-8.2.1-sdk/renpy/display/layout.py", line 900, in render
    surf = render(child, width, height, cst, cat)
  File "render.pyx", line 170, in renpy.display.render.render
  File "render.pyx", line 260, in renpy.display.render.render
  File "/Applications/renpy-8.2.1-sdk/renpy/display/layout.py", line 900, in render
    surf = render(child, width, height, cst, cat)
  File "render.pyx", line 170, in renpy.display.render.render
  File "render.pyx", line 260, in renpy.display.render.render
  File "/Applications/renpy-8.2.1-sdk/renpy/display/screen.py", line 754, in render
    child = renpy.display.render.render(self.child, w, h, st, at)
  File "render.pyx", line 170, in renpy.display.render.render
  File "render.pyx", line 260, in renpy.display.render.render
  File "/Applications/renpy-8.2.1-sdk/renpy/display/layout.py", line 900, in render
    surf = render(child, width, height, cst, cat)
  File "render.pyx", line 170, in renpy.display.render.render
  File "render.pyx", line 260, in renpy.display.render.render
  File "/Applications/renpy-8.2.1-sdk/renpy/display/transform.py", line 957, in render
    return RenderTransform(self).render(width, height, st, at)
  File "accelerator.pyx", line 978, in renpy.display.accelerator.RenderTransform.render
  File "accelerator.pyx", line 413, in renpy.display.accelerator.RenderTransform.render_child
  File "render.pyx", line 260, in renpy.display.render.render
  File "game/script.rpy", line 37, in render
    child_render = renpy.render(t, width, height, st, at)
  File "render.pyx", line 170, in renpy.display.render.render
  File "render.pyx", line 260, in renpy.display.render.render
  File "/Applications/renpy-8.2.1-sdk/renpy/display/transform.py", line 957, in render
    return RenderTransform(self).render(width, height, st, at)
  File "accelerator.pyx", line 978, in renpy.display.accelerator.RenderTransform.render
  File "accelerator.pyx", line 413, in renpy.display.accelerator.RenderTransform.render_child
  File "render.pyx", line 260, in renpy.display.render.render
  File "/Applications/renpy-8.2.1-sdk/renpy/display/im.py", line 626, in render
    return cache.get(self, render=True)
  File "/Applications/renpy-8.2.1-sdk/renpy/display/im.py", line 309, in get
    surf = image.load()
  File "/Applications/renpy-8.2.1-sdk/renpy/display/im.py", line 761, in load
    raise e
  File "/Applications/renpy-8.2.1-sdk/renpy/display/im.py", line 711, in load
    filelike = renpy.loader.load(self.filename, directory="images")
  File "/Applications/renpy-8.2.1-sdk/renpy/loader.py", line 672, in load
    raise IOError("Couldn't find file '%s'." % name)
OSError: Couldn't find file 'logo.png'.

While loading <renpy.display.im.Image object ('logo.png') at 0x10bbfb040>:
  File "game/script.rpy", line 85, in script
    "Can you find the logo?"
  File "game/script.rpy", line 85, in script
    "Can you find the logo?"
  File "renpy/common/000window.rpy", line 122, in _window_auto_callback
    _window_show(auto=True)
  File "renpy/common/000window.rpy", line 70, in _window_show
    renpy.with_statement(trans)
  File "game/script.rpy", line 37, in render
    child_render = renpy.render(t, width, height, st, at)
OSError: Couldn't find file 'logo.png'.
